// Jest Snapshot v1, https://goo.gl/fbAQLP

exports[`Pruebas sobre GifItem.jsx Debe hacer match contra el SnapShot 1`] = `
<div>
  <div
    class="="card"
  >
    <img
      alt="Saitama"
      src="https://one-punch.com/saitama.jpg"
    />
    <p>
      Saitama
    </p>
  </div>
</div>
`;
